// Jest Snapshot v1, https://goo.gl/fbAQLP

exports[`Render NavBar 1`] = `
<nav>
  <ul
    className="navBar"
  >
    <li>
      <a
        href="/"
        onClick={[Function]}
      >
        Home
      </a>
    </li>
    <li>
      <a
        href="/calculator"
        onClick={[Function]}
      >
        Calculator
      </a>
    </li>
    <li>
      <a
        href="/quote"
        onClick={[Function]}
      >
        Quote
      </a>
    </li>
  </ul>
</nav>
`;
